Microchip MPLAB XC8 Compiler V1.45 ()

Linker command line:

-W-3 --edf=C:\Program Files (x86)\Microchip\xc8\v1.45\dat\en_msgs.txt -cs \
  -h+dist/default/production\PN411.production.sym \
  --cmf=dist/default/production\PN411.production.cmf -z -Q16LF1503 \
  -oD:\TEMP\s3sg.2 -Mdist/default/production/PN411.production.map -E1 \
  -ver=XC8 -ASTACK=02040h-0206fh -pstack=STACK -p_system_settings_text=7EEh \
  -p_Type_text=7C0h -p_TxStatus_text=7D0h -ACODE=00h-07FFh \
  -ASTRCODE=00h-07FFh -ASTRING=00h-0FFhx8 -ACONST=00h-0FFhx8 \
  -AENTRY=00h-0FFhx8 -ACOMMON=070h-07Fh -ABANK0=020h-06Fh -ABANK1=0A0h-0BFh \
  -ABIGRAM=02000h-0206Fh -ARAM=020h-06Fh,0A0h-0BFh \
  -AABS1=020h-07Fh,0A0h-0BFh -ASFR0=00h-01Fh -ASFR1=080h-09Fh \
  -ASFR2=0100h-016Fh -ASFR3=0180h-01EFh -ASFR4=0200h-026Fh \
  -ASFR5=0280h-02EFh -ASFR6=0300h-036Fh -ASFR7=0380h-03EFh \
  -ASFR8=0400h-046Fh -ASFR9=0480h-04EFh -ASFR10=0500h-056Fh \
  -ASFR11=0580h-05EFh -ASFR12=0600h-066Fh -ASFR13=0680h-06EFh \
  -ASFR14=0700h-076Fh -ASFR15=0780h-07EFh -ASFR16=0800h-086Fh \
  -ASFR17=0880h-08EFh -ASFR18=0900h-096Fh -ASFR19=0980h-09EFh \
  -ASFR20=0A00h-0A6Fh -ASFR21=0A80h-0AEFh -ASFR22=0B00h-0B6Fh \
  -ASFR23=0B80h-0BEFh -ASFR24=0C00h-0C6Fh -ASFR25=0C80h-0CEFh \
  -ASFR26=0D00h-0D6Fh -ASFR27=0D80h-0DEFh -ASFR28=0E00h-0E6Fh \
  -ASFR29=0E80h-0EEFh -ASFR30=0F00h-0F6Fh -ASFR31=0F80h-0FEFh \
  -preset_vec=00h,intentry,init,end_init -ppowerup=CODE -pcinit=CODE \
  -pfunctab=ENTRY -ACONFIG=08007h-08008h -pconfig=CONFIG -DCONFIG=2 \
  -AIDLOC=08000h-08003h -pidloc=IDLOC -DIDLOC=2 -DCODE=2 -DSTRCODE=2 \
  -DSTRING=2 -DCONST=2 -DENTRY=2 -k D:\TEMP\s3sg.obj \
  dist/default/production\PN411.production.obj 

Object code version is 3.11

Machine type is 16LF1503



                Name                               Link     Load   Length Selector   Space Scale
D:\TEMP\s3sg.obj
                end_init                              1        1        1        0       0
                reset_vec                             0        0        1        0       0
                idloc                              8000     8000        4    10000       0
                config                             8007     8007        2    1000E       0
dist/default/production\PN411.production.obj
                cinit                               7E0      7E0        8      FA0       0
                text13                               FD       FD        C      1FA       0
                text12                              109      109        D      212       0
                text11                              123      123       10      246       0
                text10                              2B2      2B2       99      564       0
                text9                               146      146       1E      28C       0
                text8                               34B      34B      19A      696       0
                text7                               164      164       2C      2C8       0
                text6                               190      190       40      320       0
                text5                               227      227       8B      44E       0
                text4                                F7       F7        6      1EE       0
                text3                               116      116        D      22C       0
                text2                               133      133       13      266       0
                text1                               1D0      1D0       57      3A0       0
                maintext                            4E5      4E5      2DB      9CA       0
                cstackBANK0                          44       44       1C       20       1
                cstackCOMMON                         70       70        E       70       1
                clrtext                             7E8      7E8        6      FA0       0
                bssBANK0                             20       20       24       20       1
                _Type_text                          7C0      7C0       10      F80       0
                _TxStatus_text                      7D0      7D0       10      FA0       0
                _system_settings_text               7EE      7EE       11      FDC       0

TOTAL           Name                               Link     Load   Length     Space
        CLASS   STACK          

        CLASS   CODE           
                end_init                              1        1        1         0
                cinit                               7E0      7E0        8         0
                reset_vec                             0        0        1         0
                text13                               FD       FD        C         0
                text12                              109      109        D         0
                text11                              123      123       10         0
                text10                              2B2      2B2       99         0
                text9                               146      146       1E         0
                text8                               34B      34B      19A         0
                text7                               164      164       2C         0
                text6                               190      190       40         0
                text5                               227      227       8B         0
                text4                                F7       F7        6         0
                text3                               116      116        D         0
                text2                               133      133       13         0
                text1                               1D0      1D0       57         0
                maintext                            4E5      4E5      2DB         0
                clrtext                             7E8      7E8        6         0
                _Type_text                          7C0      7C0       10         0
                _TxStatus_text                      7D0      7D0       10         0
                _system_settings_text               7EE      7EE       11         0

        CLASS   STRCODE        

        CLASS   STRING         

        CLASS   CONST          

        CLASS   ENTRY          

        CLASS   COMMON         
                cstackCOMMON                         70       70        E         1

        CLASS   BANK0          
                cstackBANK0                          44       44       1C         1
                bssBANK0                             20       20       24         1

        CLASS   BANK1          

        CLASS   BIGRAM         

        CLASS   RAM            

        CLASS   ABS1           
                abs_s1                               7E       7E        2         1

        CLASS   SFR0           

        CLASS   SFR1           

        CLASS   SFR2           

        CLASS   SFR3           

        CLASS   SFR4           

        CLASS   SFR5           

        CLASS   SFR6           

        CLASS   SFR7           

        CLASS   SFR8           

        CLASS   SFR9           

        CLASS   SFR10          

        CLASS   SFR11          

        CLASS   SFR12          

        CLASS   SFR13          

        CLASS   SFR14          

        CLASS   SFR15          

        CLASS   SFR16          

        CLASS   SFR17          

        CLASS   SFR18          

        CLASS   SFR19          

        CLASS   SFR20          

        CLASS   SFR21          

        CLASS   SFR22          

        CLASS   SFR23          

        CLASS   SFR24          

        CLASS   SFR25          

        CLASS   SFR26          

        CLASS   SFR27          

        CLASS   SFR28          

        CLASS   SFR29          

        CLASS   SFR30          

        CLASS   SFR31          

        CLASS   CONFIG         
                config                             8007     8007        2         0

        CLASS   IDLOC          
                idloc                              8000     8000        4         0

        CLASS   BANK31         

        CLASS   BANK30         

        CLASS   BANK29         

        CLASS   BANK28         

        CLASS   BANK27         

        CLASS   BANK26         

        CLASS   BANK25         

        CLASS   BANK24         

        CLASS   BANK23         

        CLASS   BANK22         

        CLASS   BANK21         

        CLASS   BANK20         

        CLASS   BANK19         

        CLASS   BANK18         

        CLASS   BANK17         

        CLASS   BANK16         

        CLASS   BANK15         

        CLASS   BANK14         

        CLASS   BANK13         

        CLASS   BANK12         

        CLASS   BANK11         

        CLASS   BANK10         

        CLASS   BANK9          

        CLASS   BANK8          

        CLASS   BANK7          

        CLASS   BANK6          

        CLASS   BANK5          

        CLASS   BANK4          

        CLASS   BANK3          

        CLASS   BANK2          

        CLASS   EEDATA         



SEGMENTS        Name                           Load    Length   Top    Selector   Space  Class     Delta

                reset_vec                      000000  000002  000002         0       0  CODE        2
                bssBANK0                       000020  000040  000060        20       1  BANK0       1
                cstackCOMMON                   000070  00000E  00007E        70       1  COMMON      1
                text4                          0000F7  000006  0000FD       1EE       0  CODE        2
                text13                         0000FD  00000C  000109       1FA       0  CODE        2
                text12                         000109  00000D  000116       212       0  CODE        2
                text3                          000116  00000D  000123       22C       0  CODE        2
                text11                         000123  000010  000133       246       0  CODE        2
                text2                          000133  000013  000146       266       0  CODE        2
                text9                          000146  00001E  000164       28C       0  CODE        2
                text7                          000164  00002C  000190       2C8       0  CODE        2
                text6                          000190  000040  0001D0       320       0  CODE        2
                text1                          0001D0  000057  000227       3A0       0  CODE        2
                text5                          000227  00008B  0002B2       44E       0  CODE        2
                text10                         0002B2  000099  00034B       564       0  CODE        2
                text8                          00034B  00019A  0004E5       696       0  CODE        2
                maintext                       0004E5  0002DB  0007C0       9CA       0  CODE        2
                _Type_text                     0007C0  000010  0007D0       F80       0  CODE        2
                _TxStatus_text                 0007D0  00001E  0007EE       FA0       0  CODE        2
                _system_settings_text          0007EE  000011  0007FF       FDC       0  CODE        2
                idloc                          008000  000004  008004     10000       0  IDLOC       2
                config                         008007  000002  008009     1000E       0  CONFIG      2


UNUSED ADDRESS RANGES

        Name                Unused          Largest block    Delta
        BANK0            00060-0006F              10           1
        BANK1            000A0-000BF              20           1
        BIGRAM           02000-0206F              70           1
        CODE             00002-000F6              F5           2
                         007FF-007FF               1
        CONST            00002-000F6              F5           2
                         007FF-007FF               1
        ENTRY            00002-000F6              F5           2
                         007FF-007FF               1
        RAM              00060-0006F              10           1
                         000A0-000BF              20
        SFR0             00000-0001F              20           1
        SFR1             00080-0009F              20           1
        SFR10            00500-0056F              70           1
        SFR11            00580-005EF              70           1
        SFR12            00600-0066F              70           1
        SFR13            00680-006EF              70           1
        SFR14            00700-0076F              70           1
        SFR15            00780-007EF              70           1
        SFR16            00800-0086F              70           1
        SFR17            00880-008EF              70           1
        SFR18            00900-0096F              70           1
        SFR19            00980-009EF              70           1
        SFR2             00100-0016F              70           1
        SFR20            00A00-00A6F              70           1
        SFR21            00A80-00AEF              70           1
        SFR22            00B00-00B6F              70           1
        SFR23            00B80-00BEF              70           1
        SFR24            00C00-00C6F              70           1
        SFR25            00C80-00CEF              70           1
        SFR26            00D00-00D6F              70           1
        SFR27            00D80-00DEF              70           1
        SFR28            00E00-00E6F              70           1
        SFR29            00E80-00EEF              70           1
        SFR3             00180-001EF              70           1
        SFR30            00F00-00F6F              70           1
        SFR31            00F80-00FEF              70           1
        SFR4             00200-0026F              70           1
        SFR5             00280-002EF              70           1
        SFR6             00300-0036F              70           1
        SFR7             00380-003EF              70           1
        SFR8             00400-0046F              70           1
        SFR9             00480-004EF              70           1
        STACK            02040-0206F              30           1
        STRCODE          00002-000F6              F5           2
                         007FF-007FF               1
        STRING           00002-000F6              F5           2
                         007FF-007FF               1

                                  Symbol Table

FlashEraseRow@rowAddr             cstackCOMMON          00070
FlashWrite@addr                   cstackCOMMON          00070
FlashWrite@flash_data             cstackCOMMON          00072
Init_TxStatusFromFlash@cellNum    cstackCOMMON          00078
Init_TxStatusFromFlash@txStatus   cstackCOMMON          00070
Init_TypeFromFlash@type           cstackCOMMON          00070
KeyLongHandler@chn                cstackBANK0           00056
KeyLongHandler@cmd                cstackBANK0           00057
KeyLongHandler@key                cstackCOMMON          0007B
KeyLongHandler@nooData            cstackBANK0           00059
KeyLongHandler@ticksToTrigger     cstackBANK0           00058
KeyOffHandler@chn                 cstackCOMMON          0007B
KeyOffHandler@cmd                 cstackCOMMON          0007C
KeyOffHandler@key                 cstackBANK0           00057
KeyOffHandler@nooData             cstackCOMMON          0007D
SaveTxStatusToFlash@adrToWrite    cstackBANK0           00044
SaveTxStatusToFlash@cellNum       cstackBANK0           00046
SaveTxStatusToFlash@txStatusAdr   cstackCOMMON          00076
SaveTxStatusToFlash@txStatusArray cstackCOMMON          00074
SaveTxStatusToFlash@txStatusVal   cstackCOMMON          00078
_ADCON0bits                       (abs)                 0009D
_ADCON1bits                       (abs)                 0009E
_ANSELA                           (abs)                 0018C
_ANSELC                           (abs)                 0018E
_DevMode                          bssBANK0              00027
_DevType                          bssBANK0              00028
_FVRCON                           (abs)                 00117
_FlashEraseRow                    text3                 00116
_FlashUnlock                      text4                 000F7
_FlashWrite                       text2                 00133
_INTCONbits                       (abs)                 0000B
_Init_ADC                         text13                000FD
_Init_CLK                         text12                00109
_Init_IO                          text11                00123
_Init_TxStatusFromFlash           text10                002B2
_Init_TypeFromFlash               text9                 00146
_KeyLongHandler                   text7                 00164
_KeyOffHandler                    text6                 00190
_Keys                             bssBANK0              0002C
_LATA                             (abs)                 0010C
_LATAbits                         (abs)                 0010C
_LATC                             (abs)                 0010E
_LATCbits                         (abs)                 0010E
_LedPulseTick_100ms               bssBANK0              0002A
_OPTION_REG                       (abs)                 00095
_OPTION_REGbits                   (abs)                 00095
_OSCCONbits                       (abs)                 00099
_OSCSTATbits                      (abs)                 0009A
_OffDelayTicks_100ms              bssBANK0              00025
_PMADRH                           (abs)                 00192
_PMADRL                           (abs)                 00191
_PMCON1bits                       (abs)                 00195
_PMCON2                           (abs)                 00196
_PMDATH                           (abs)                 00194
_PMDATL                           (abs)                 00193
_PORTA                            (abs)                 0000C
_RF_Init                          text5                 00227
_SaveTxStatusToFlash              text1                 001D0
_SkipHandling                     bssBANK0              00026
_TMR0                             (abs)                 00015
_TMR0IE                           (abs)                 0005D
_TMR0IF                           (abs)                 0005A
_TRISA                            (abs)                 0008C
_TRISC                            (abs)                 0008E
_TxStatus                         _TxStatus_text        007D0
_TxStatus_absaddr                 (abs)                 007D0
_Type                             _Type_text            007C0
_Type_absaddr                     (abs)                 007C0
_WDTCONbits                       (abs)                 00097
_WPUA                             (abs)                 0020C
__CFG_BOREN$NSLEEP                (abs)                 00000
__CFG_BORV$LO                     (abs)                 00000
__CFG_CLKOUTEN$OFF                (abs)                 00000
__CFG_CP$ON                       (abs)                 00000
__CFG_FOSC$INTOSC                 (abs)                 00000
__CFG_IDLOC0$                     (abs)                 00000
__CFG_IDLOC1$                     (abs)                 00007
__CFG_IDLOC2$                     (abs)                 00000
__CFG_IDLOC3$                     (abs)                 00007
__CFG_LPBOR$ON                    (abs)                 00000
__CFG_LVP$OFF                     (abs)                 00000
__CFG_MCLRE$ON                    (abs)                 00000
__CFG_PWRTE$ON                    (abs)                 00000
__CFG_STVREN$ON                   (abs)                 00000
__CFG_WDTE$SWDTEN                 (abs)                 00000
__CFG_WRT$OFF                     (abs)                 00000
__H_TxStatus_text                 _TxStatus_text        007E0
__H_Type_text                     _Type_text            007D0
__H_system_settings_text          _system_settings_text 007FF
__Habs1                           abs1                  10008
__Hbank0                          bank0                 10008
__Hbank1                          bank1                 10008
__Hbank10                         bank10                10008
__Hbank11                         bank11                10008
__Hbank12                         bank12                10008
__Hbank13                         bank13                10008
__Hbank14                         bank14                10008
__Hbank15                         bank15                10008
__Hbank16                         bank16                10008
__Hbank17                         bank17                10008
__Hbank18                         bank18                10008
__Hbank19                         bank19                10008
__Hbank2                          bank2                 10008
__Hbank20                         bank20                10008
__Hbank21                         bank21                10008
__Hbank22                         bank22                10008
__Hbank23                         bank23                10008
__Hbank24                         bank24                10008
__Hbank25                         bank25                10008
__Hbank26                         bank26                10008
__Hbank27                         bank27                10008
__Hbank28                         bank28                10008
__Hbank29                         bank29                10008
__Hbank3                          bank3                 10008
__Hbank30                         bank30                10008
__Hbank31                         bank31                10008
__Hbank4                          bank4                 10008
__Hbank5                          bank5                 10008
__Hbank6                          bank6                 10008
__Hbank7                          bank7                 10008
__Hbank8                          bank8                 10008
__Hbank9                          bank9                 10008
__Hbigram                         bigram                10008
__HbssBANK0                       bssBANK0              10008
__Hcinit                          cinit                 007E8
__Hclrtext                        clrtext               10008
__Hcode                           code                  10008
__Hcommon                         common                10008
__Hconfig                         config                08009
__HcstackBANK0                    cstackBANK0           10008
__HcstackCOMMON                   cstackCOMMON          10008
__Heeprom_data                    eeprom_data           08004
__Hend_init                       end_init              00002
__Hfunctab                        functab               00000
__Hidloc                          idloc                 08004
__Hinit                           init                  00001
__Hintentry                       intentry              00001
__Hmaintext                       maintext              10008
__Hpowerup                        powerup               00000
__Hram                            ram                   10008
__Hreset_vec                      reset_vec             00001
__Hsfr0                           sfr0                  10008
__Hsfr1                           sfr1                  10008
__Hsfr10                          sfr10                 10008
__Hsfr11                          sfr11                 10008
__Hsfr12                          sfr12                 10008
__Hsfr13                          sfr13                 10008
__Hsfr14                          sfr14                 10008
__Hsfr15                          sfr15                 10008
__Hsfr16                          sfr16                 10008
__Hsfr17                          sfr17                 10008
__Hsfr18                          sfr18                 10008
__Hsfr19                          sfr19                 10008
__Hsfr2                           sfr2                  10008
__Hsfr20                          sfr20                 10008
__Hsfr21                          sfr21                 10008
__Hsfr22                          sfr22                 10008
__Hsfr23                          sfr23                 10008
__Hsfr24                          sfr24                 10008
__Hsfr25                          sfr25                 10008
__Hsfr26                          sfr26                 10008
__Hsfr27                          sfr27                 10008
__Hsfr28                          sfr28                 10008
__Hsfr29                          sfr29                 10008
__Hsfr3                           sfr3                  10008
__Hsfr30                          sfr30                 10008
__Hsfr31                          sfr31                 10008
__Hsfr4                           sfr4                  10008
__Hsfr5                           sfr5                  10008
__Hsfr6                           sfr6                  10008
__Hsfr7                           sfr7                  10008
__Hsfr8                           sfr8                  10008
__Hsfr9                           sfr9                  10008
__Hspace_0                        (abs)                 10008
__Hspace_1                        (abs)                 10008
__Hspace_2                        (abs)                 00000
__Hspace_3                        (abs)                 08004
__Hstack                          stack                 00000
__Hstrings                        strings               10008
__Htext                           text                  10008
__L_TxStatus_text                 _TxStatus_text        007D0
__L_Type_text                     _Type_text            007C0
__L_system_settings_text          _system_settings_text 007EE
__Labs1                           abs1                  10008
__Lbank0                          bank0                 10008
__Lbank1                          bank1                 10008
__Lbank10                         bank10                10008
__Lbank11                         bank11                10008
__Lbank12                         bank12                10008
__Lbank13                         bank13                10008
__Lbank14                         bank14                10008
__Lbank15                         bank15                10008
__Lbank16                         bank16                10008
__Lbank17                         bank17                10008
__Lbank18                         bank18                10008
__Lbank19                         bank19                10008
__Lbank2                          bank2                 10008
__Lbank20                         bank20                10008
__Lbank21                         bank21                10008
__Lbank22                         bank22                10008
__Lbank23                         bank23                10008
__Lbank24                         bank24                10008
__Lbank25                         bank25                10008
__Lbank26                         bank26                10008
__Lbank27                         bank27                10008
__Lbank28                         bank28                10008
__Lbank29                         bank29                10008
__Lbank3                          bank3                 10008
__Lbank30                         bank30                10008
__Lbank31                         bank31                10008
__Lbank4                          bank4                 10008
__Lbank5                          bank5                 10008
__Lbank6                          bank6                 10008
__Lbank7                          bank7                 10008
__Lbank8                          bank8                 10008
__Lbank9                          bank9                 10008
__Lbigram                         bigram                10008
__LbssBANK0                       bssBANK0              10008
__Lcinit                          cinit                 007E0
__Lclrtext                        clrtext               10008
__Lcode                           code                  10008
__Lcommon                         common                10008
__Lconfig                         config                08007
__LcstackBANK0                    cstackBANK0           10008
__LcstackCOMMON                   cstackCOMMON          10008
__Leeprom_data                    eeprom_data           08004
__Lend_init                       end_init              00001
__Lfunctab                        functab               00000
__Lidloc                          idloc                 08000
__Linit                           init                  00001
__Lintentry                       intentry              00001
__Lmaintext                       maintext              10008
__Lpowerup                        powerup               00000
__Lram                            ram                   10008
__Lreset_vec                      reset_vec             00000
__Lsfr0                           sfr0                  10008
__Lsfr1                           sfr1                  10008
__Lsfr10                          sfr10                 10008
__Lsfr11                          sfr11                 10008
__Lsfr12                          sfr12                 10008
__Lsfr13                          sfr13                 10008
__Lsfr14                          sfr14                 10008
__Lsfr15                          sfr15                 10008
__Lsfr16                          sfr16                 10008
__Lsfr17                          sfr17                 10008
__Lsfr18                          sfr18                 10008
__Lsfr19                          sfr19                 10008
__Lsfr2                           sfr2                  10008
__Lsfr20                          sfr20                 10008
__Lsfr21                          sfr21                 10008
__Lsfr22                          sfr22                 10008
__Lsfr23                          sfr23                 10008
__Lsfr24                          sfr24                 10008
__Lsfr25                          sfr25                 10008
__Lsfr26                          sfr26                 10008
__Lsfr27                          sfr27                 10008
__Lsfr28                          sfr28                 10008
__Lsfr29                          sfr29                 10008
__Lsfr3                           sfr3                  10008
__Lsfr30                          sfr30                 10008
__Lsfr31                          sfr31                 10008
__Lsfr4                           sfr4                  10008
__Lsfr5                           sfr5                  10008
__Lsfr6                           sfr6                  10008
__Lsfr7                           sfr7                  10008
__Lsfr8                           sfr8                  10008
__Lsfr9                           sfr9                  10008
__Lspace_0                        (abs)                 00000
__Lspace_1                        (abs)                 00000
__Lspace_2                        (abs)                 00000
__Lspace_3                        (abs)                 00000
__Lstack                          stack                 00000
__Lstrings                        strings               10008
__Ltext                           text                  10008
__S0                              (abs)                 08009
__S1                              (abs)                 0007E
__S2                              (abs)                 00000
___int_sp                         stack                 00000
___latbits                        (abs)                 00000
___sp                             stack                 00000
__end_of_FlashEraseRow            text3                 00123
__end_of_FlashUnlock              text4                 000FD
__end_of_FlashWrite               text2                 00146
__end_of_Init_ADC                 text13                00109
__end_of_Init_CLK                 text12                00116
__end_of_Init_IO                  text11                00133
__end_of_Init_TxStatusFromFlash   text10                0034B
__end_of_Init_TypeFromFlash       text9                 00164
__end_of_KeyLongHandler           text7                 00190
__end_of_KeyOffHandler            text6                 001D0
__end_of_RF_Init                  text5                 002B2
__end_of_SaveTxStatusToFlash      text1                 00227
__end_of_TxStatus                 _TxStatus_text        007E0
__end_of_Type                     _Type_text            007D0
__end_of__initialization          cinit                 007E6
__end_of_main                     maintext              007C0
__end_of_noolite_send             text8                 004E5
__end_of_system_settings          _system_settings_text 007FF
__initialization                  cinit                 007E0
__p_TxStatus_text                 _TxStatus_text        007D0
__p_Type_text                     _Type_text            007C0
__p_system_settings_text          _system_settings_text 007EE
__pbssBANK0                       bssBANK0              00020
__pcstackBANK0                    cstackBANK0           00044
__pcstackCOMMON                   cstackCOMMON          00070
__pmaintext                       maintext              004E5
__ptext1                          text1                 001D0
__ptext10                         text10                002B2
__ptext11                         text11                00123
__ptext12                         text12                00109
__ptext13                         text13                000FD
__ptext2                          text2                 00133
__ptext3                          text3                 00116
__ptext4                          text4                 000F7
__ptext5                          text5                 00227
__ptext6                          text6                 00190
__ptext7                          text7                 00164
__ptext8                          text8                 0034B
__ptext9                          text9                 00146
__size_of_FlashEraseRow           (abs)                 00000
__size_of_FlashUnlock             (abs)                 00000
__size_of_FlashWrite              (abs)                 00000
__size_of_Init_ADC                (abs)                 00000
__size_of_Init_CLK                (abs)                 00000
__size_of_Init_IO                 (abs)                 00000
__size_of_Init_TxStatusFromFlash  (abs)                 00000
__size_of_Init_TypeFromFlash      (abs)                 00000
__size_of_KeyLongHandler          (abs)                 00000
__size_of_KeyOffHandler           (abs)                 00000
__size_of_RF_Init                 (abs)                 00000
__size_of_SaveTxStatusToFlash     (abs)                 00000
__size_of_main                    (abs)                 00000
__size_of_noolite_send            (abs)                 00000
_main                             maintext              004E5
_noo_address_type                 bssBANK0              00024
_noo_send_data                    bssBANK0              00040
_noolite_send                     text8                 0034B
_startaddress                     bssBANK0              00020
_system_settings                  _system_settings_text 007EE
_system_settings_absaddr          (abs)                 007EE
_tick3_100ms                      bssBANK0              00029
_tx_status                        bssBANK0              0002B
btemp                             (abs)                 0007E
clear_ram0                        clrtext               007E8
end_of_initialization             cinit                 007E6
intlevel0                         functab               00000
intlevel1                         functab               00000
intlevel2                         functab               00000
intlevel3                         functab               00000
intlevel4                         functab               00000
intlevel5                         functab               00000
main@chn                          cstackBANK0           0005C
main@chn_250                      cstackBANK0           0005D
main@chn_251                      cstackBANK0           0005E
main@chn_252                      cstackBANK0           0005F
noolite_send@chn                  cstackBANK0           00052
noolite_send@countbit             cstackBANK0           00051
noolite_send@countsend            cstackBANK0           00053
noolite_send@data                 cstackCOMMON          00072
noolite_send@endpos               cstackBANK0           00055
noolite_send@noo_send_buffer      cstackBANK0           00044
noolite_send@noo_send_command     cstackCOMMON          00070
noolite_send@noo_send_format      cstackCOMMON          00071
noolite_send@startpos             cstackBANK0           00050
noolite_send@temp_send            cstackBANK0           00054
reset_vec                         reset_vec             00000
stackhi                           (abs)                 0206F
stacklo                           (abs)                 02040
start                             init                  00001
start_initialization              cinit                 007E0
wtemp0                            (abs)                 0007E


FUNCTION INFORMATION:

 *************** function _main *****************
 Defined at:
		line 129 in file "main.c"
 Parameters:    Size  Location     Type
		None
 Auto vars:     Size  Location     Type
  chn             1   27[BANK0 ] unsigned char 
  chn             1   26[BANK0 ] unsigned char 
  chn             1   25[BANK0 ] unsigned char 
  chn             1   24[BANK0 ] unsigned char 
 Return value:  Size  Location     Type
                  1    wreg      void 
 Registers used:
		wreg, fsr0l, fsr0h, fsr1l, fsr1h, status,2, status,0, pclath, cstack
 Tracked objects:
		On entry : 
		On exit  : 
		Unchanged: 
 Data sizes:     COMMON   BANK0   BANK1
      Params:         0       0       0
      Locals:         0       4       0
      Temps:          0       2       0
      Totals:         0       6       0
Total ram usage:        6 bytes
 Hardware stack levels required when called:    3
 This function calls:
		_FlashEraseRow
		_FlashWrite
		_Init_ADC
		_Init_CLK
		_Init_IO
		_Init_TxStatusFromFlash
		_Init_TypeFromFlash
		_KeyLongHandler
		_KeyOffHandler
		_RF_Init
		_SaveTxStatusToFlash
		_noolite_send
 This function is called by:
		Startup code after reset
 This function uses a non-reentrant model


 *************** function _SaveTxStatusToFlash *****************
 Defined at:
		line 56 in file "user_functions.c"
 Parameters:    Size  Location     Type
  txStatusArra    2    4[COMMON] PTR const unsigned int 
		 -> TxStatus(16), 
  txStatusAdr     2    6[COMMON] unsigned int 
  txStatusVal     1    8[COMMON] unsigned char 
 Auto vars:     Size  Location     Type
  adrToWrite      2    0[BANK0 ] unsigned int 
  cellNum         1    2[BANK0 ] unsigned char 
 Return value:  Size  Location     Type
                  1    wreg      void 
 Registers used:
		wreg, fsr0l, fsr0h, status,2, status,0, pclath, cstack
 Tracked objects:
		On entry : 
		On exit  : 
		Unchanged: 
 Data sizes:     COMMON   BANK0   BANK1
      Params:         5       0       0
      Locals:         0       3       0
      Temps:          4       0       0
      Totals:         9       3       0
Total ram usage:       12 bytes
 Hardware stack levels used:    1
 Hardware stack levels required when called:    2
 This function calls:
		_FlashEraseRow
		_FlashWrite
 This function is called by:
		_main
 This function uses a non-reentrant model


 *************** function _FlashWrite *****************
 Defined at:
		line 43 in file "FLASH.c"
 Parameters:    Size  Location     Type
  addr            2    0[COMMON] unsigned int 
  flash_data      2    2[COMMON] unsigned int 
 Auto vars:     Size  Location     Type
		None
 Return value:  Size  Location     Type
                  1    wreg      void 
 Registers used:
		wreg, status,2, status,0, pclath, cstack
 Tracked objects:
		On entry : 
		On exit  : 
		Unchanged: 
 Data sizes:     COMMON   BANK0   BANK1
      Params:         4       0       0
      Locals:         0       0       0
      Temps:          0       0       0
      Totals:         4       0       0
Total ram usage:        4 bytes
 Hardware stack levels used:    1
 Hardware stack levels required when called:    1
 This function calls:
		_FlashUnlock
 This function is called by:
		_main
		_SaveTxStatusToFlash
 This function uses a non-reentrant model


 *************** function _FlashEraseRow *****************
 Defined at:
		line 31 in file "FLASH.c"
 Parameters:    Size  Location     Type
  rowAddr         2    0[COMMON] unsigned int 
 Auto vars:     Size  Location     Type
		None
 Return value:  Size  Location     Type
                  1    wreg      void 
 Registers used:
		wreg, status,2, status,0, pclath, cstack
 Tracked objects:
		On entry : 
		On exit  : 
		Unchanged: 
 Data sizes:     COMMON   BANK0   BANK1
      Params:         2       0       0
      Locals:         0       0       0
      Temps:          0       0       0
      Totals:         2       0       0
Total ram usage:        2 bytes
 Hardware stack levels used:    1
 Hardware stack levels required when called:    1
 This function calls:
		_FlashUnlock
 This function is called by:
		_main
		_SaveTxStatusToFlash
 This function uses a non-reentrant model


 *************** function _FlashUnlock *****************
 Defined at:
		line 25 in file "FLASH.c"
 Parameters:    Size  Location     Type
		None
 Auto vars:     Size  Location     Type
		None
 Return value:  Size  Location     Type
                  1    wreg      void 
 Registers used:
		wreg
 Tracked objects:
		On entry : 
		On exit  : 
		Unchanged: 
 Data sizes:     COMMON   BANK0   BANK1
      Params:         0       0       0
      Locals:         0       0       0
      Temps:          0       0       0
      Totals:         0       0       0
Total ram usage:        0 bytes
 Hardware stack levels used:    1
 This function calls:
		Nothing
 This function is called by:
		_FlashEraseRow
		_FlashWrite
 This function uses a non-reentrant model


 *************** function _RF_Init *****************
 Defined at:
		line 25 in file "noolite.c"
 Parameters:    Size  Location     Type
		None
 Auto vars:     Size  Location     Type
		None
 Return value:  Size  Location     Type
                  1    wreg      void 
 Registers used:
		wreg, fsr0l, fsr0h, status,2, status,0, pclath
 Tracked objects:
		On entry : 
		On exit  : 
		Unchanged: 
 Data sizes:     COMMON   BANK0   BANK1
      Params:         0       0       0
      Locals:         0       0       0
      Temps:          7       0       0
      Totals:         7       0       0
Total ram usage:        7 bytes
 Hardware stack levels used:    1
 This function calls:
		Nothing
 This function is called by:
		_main
 This function uses a non-reentrant model


 *************** function _KeyOffHandler *****************
 Defined at:
		line 75 in file "user_functions.c"
 Parameters:    Size  Location     Type
  key             1    wreg     PTR struct .
		 -> Keys(20), 
  chn             1   11[COMMON] unsigned char 
  cmd             1   12[COMMON] unsigned char 
  nooData         1   13[COMMON] PTR unsigned char 
		 -> noo_send_data(4), 
 Auto vars:     Size  Location     Type
  key             1   19[BANK0 ] PTR struct .
		 -> Keys(20), 
 Return value:  Size  Location     Type
                  1    wreg      void 
 Registers used:
		wreg, fsr1l, fsr1h, status,2, status,0, pclath, cstack
 Tracked objects:
		On entry : 
		On exit  : 
		Unchanged: 
 Data sizes:     COMMON   BANK0   BANK1
      Params:         3       0       0
      Locals:         0       1       0
      Temps:          0       1       0
      Totals:         3       2       0
Total ram usage:        5 bytes
 Hardware stack levels used:    1
 Hardware stack levels required when called:    1
 This function calls:
		_noolite_send
 This function is called by:
		_main
 This function uses a non-reentrant model


 *************** function _KeyLongHandler *****************
 Defined at:
		line 90 in file "user_functions.c"
 Parameters:    Size  Location     Type
  key             1    wreg     PTR struct .
		 -> Keys(20), 
  chn             1   18[BANK0 ] unsigned char 
  cmd             1   19[BANK0 ] unsigned char 
  ticksToTrigg    1   20[BANK0 ] unsigned char 
  nooData         1   21[BANK0 ] PTR unsigned char 
		 -> noo_send_data(4), 
 Auto vars:     Size  Location     Type
  key             1   11[COMMON] PTR struct .
		 -> Keys(20), 
 Return value:  Size  Location     Type
                  1    wreg      void 
 Registers used:
		wreg, fsr1l, fsr1h, status,2, status,0, pclath, cstack
 Tracked objects:
		On entry : 
		On exit  : 
		Unchanged: 
 Data sizes:     COMMON   BANK0   BANK1
      Params:         0       4       0
      Locals:         1       0       0
      Temps:          0       0       0
      Totals:         1       4       0
Total ram usage:        5 bytes
 Hardware stack levels used:    1
 Hardware stack levels required when called:    1
 This function calls:
		_noolite_send
 This function is called by:
		_main
 This function uses a non-reentrant model


 *************** function _noolite_send *****************
 Defined at:
		line 174 in file "noolite.c"
 Parameters:    Size  Location     Type
  chn             1    wreg     unsigned char 
  noo_send_com    1    0[COMMON] unsigned char 
  noo_send_for    1    1[COMMON] unsigned char 
  data            1    2[COMMON] PTR unsigned char 
		 -> noo_send_data(4), 
 Auto vars:     Size  Location     Type
  chn             1   14[BANK0 ] unsigned char 
  noo_send_buf   12    0[BANK0 ] unsigned char [12]
  endpos          1   17[BANK0 ] unsigned char 
  temp_send       1   16[BANK0 ] unsigned char 
  countsend       1   15[BANK0 ] unsigned char 
  countbit        1   13[BANK0 ] unsigned char 
  startpos        1   12[BANK0 ] unsigned char 
 Return value:  Size  Location     Type
                  1    wreg      void 
 Registers used:
		wreg, fsr1l, fsr1h, status,2, status,0
 Tracked objects:
		On entry : 
		On exit  : 
		Unchanged: 
 Data sizes:     COMMON   BANK0   BANK1
      Params:         3       0       0
      Locals:         0      18       0
      Temps:          8       0       0
      Totals:        11      18       0
Total ram usage:       29 bytes
 Hardware stack levels used:    1
 This function calls:
		Nothing
 This function is called by:
		_main
		_KeyOffHandler
		_KeyLongHandler
 This function uses a non-reentrant model


 *************** function _Init_TypeFromFlash *****************
 Defined at:
		line 23 in file "user_functions.c"
 Parameters:    Size  Location     Type
  type            2    0[COMMON] PTR const unsigned int 
		 -> Type(16), 
 Auto vars:     Size  Location     Type
		None
 Return value:  Size  Location     Type
                  1    wreg      unsigned char 
 Registers used:
		wreg, fsr0l, fsr0h, status,2, status,0, pclath
 Tracked objects:
		On entry : 
		On exit  : 
		Unchanged: 
 Data sizes:     COMMON   BANK0   BANK1
      Params:         2       0       0
      Locals:         0       0       0
      Temps:          2       0       0
      Totals:         4       0       0
Total ram usage:        4 bytes
 Hardware stack levels used:    1
 This function calls:
		Nothing
 This function is called by:
		_main
 This function uses a non-reentrant model


 *************** function _Init_TxStatusFromFlash *****************
 Defined at:
		line 31 in file "user_functions.c"
 Parameters:    Size  Location     Type
  txStatus        2    0[COMMON] PTR const unsigned int 
		 -> TxStatus(16), 
 Auto vars:     Size  Location     Type
  cellNum         1    8[COMMON] unsigned char 
 Return value:  Size  Location     Type
                  1    wreg      unsigned char 
 Registers used:
		wreg, fsr0l, fsr0h, status,2, status,0, pclath
 Tracked objects:
		On entry : 
		On exit  : 
		Unchanged: 
 Data sizes:     COMMON   BANK0   BANK1
      Params:         2       0       0
      Locals:         1       0       0
      Temps:          6       0       0
      Totals:         9       0       0
Total ram usage:        9 bytes
 Hardware stack levels used:    1
 This function calls:
		Nothing
 This function is called by:
		_main
 This function uses a non-reentrant model


 *************** function _Init_IO *****************
 Defined at:
		line 46 in file "periph_config.c"
 Parameters:    Size  Location     Type
		None
 Auto vars:     Size  Location     Type
		None
 Return value:  Size  Location     Type
                  1    wreg      void 
 Registers used:
		wreg, status,2
 Tracked objects:
		On entry : 
		On exit  : 
		Unchanged: 
 Data sizes:     COMMON   BANK0   BANK1
      Params:         0       0       0
      Locals:         0       0       0
      Temps:          0       0       0
      Totals:         0       0       0
Total ram usage:        0 bytes
 Hardware stack levels used:    1
 This function calls:
		Nothing
 This function is called by:
		_main
 This function uses a non-reentrant model


 *************** function _Init_CLK *****************
 Defined at:
		line 15 in file "periph_config.c"
 Parameters:    Size  Location     Type
		None
 Auto vars:     Size  Location     Type
		None
 Return value:  Size  Location     Type
                  1    wreg      void 
 Registers used:
		wreg, status,2, status,0
 Tracked objects:
		On entry : 
		On exit  : 
		Unchanged: 
 Data sizes:     COMMON   BANK0   BANK1
      Params:         0       0       0
      Locals:         0       0       0
      Temps:          0       0       0
      Totals:         0       0       0
Total ram usage:        0 bytes
 Hardware stack levels used:    1
 This function calls:
		Nothing
 This function is called by:
		_main
 This function uses a non-reentrant model


 *************** function _Init_ADC *****************
 Defined at:
		line 57 in file "periph_config.c"
 Parameters:    Size  Location     Type
		None
 Auto vars:     Size  Location     Type
		None
 Return value:  Size  Location     Type
                  1    wreg      void 
 Registers used:
		wreg, status,2, status,0
 Tracked objects:
		On entry : 
		On exit  : 
		Unchanged: 
 Data sizes:     COMMON   BANK0   BANK1
      Params:         0       0       0
      Locals:         0       0       0
      Temps:          0       0       0
      Totals:         0       0       0
Total ram usage:        0 bytes
 Hardware stack levels used:    1
 This function calls:
		Nothing
 This function is called by:
		_main
 This function uses a non-reentrant model



MODULE INFORMATION

Module		Function		Class		Link	Load	Size
FLASH.c
		_FlashUnlock   		CODE           	00F7	0000	7
		_FlashEraseRow 		CODE           	0116	0000	14
		_FlashWrite    		CODE           	0133	0000	20

FLASH.c estimated size: 41

noolite.c
		_noolite_send  		CODE           	034B	0000	411
		_RF_Init       		CODE           	0227	0000	140

noolite.c estimated size: 551

periph_config.c
		_Init_ADC      		CODE           	00FD	0000	13
		_Init_CLK      		CODE           	0109	0000	14
		_Init_IO       		CODE           	0123	0000	17

periph_config.c estimated size: 44

user_functions.c
		_KeyOffHandler 		CODE           	0190	0000	65
		_SaveTxStatusToFlash		CODE           	01D0	0000	88
		_Init_TypeFromFlash		CODE           	0146	0000	31
		_Init_TxStatusFromFlash		CODE           	02B2	0000	154
		_KeyLongHandler		CODE           	0164	0000	45

user_functions.c estimated size: 383

shared
		_Type          		CODE           	07C0	0000	17
		_TxStatus      		CODE           	07D0	0000	17
		__initialization		CODE           	07E0	0000	7
		_system_settings		CODE           	07EE	0000	18

shared estimated size: 59

main.c
		_main          		CODE           	04E5	0000	732

main.c estimated size: 732

